Testing: media\a5aba36d7f554f05a432e98107adebc5.jpeg
==================================================
ELA Score:       0.4558
Noise Score:     0.1460
Frequency Score: 0.7020
Patch Score:     0.000001
TOTAL Heuristic: 0.3437
==================================================
AI Verdict: AI-generated, Confidence: 0.9821
==================================================
FINAL VERDICT: Highly Likely AI-Generated
CONFIDENCE: 98.21%
EXPLANATION: ['AI model detected synthetic generation artifacts.', 'ELA detected compression inconsistencies (score: 0.46) ù possible splice/edit.', 'Unnatural frequency/pixel distribution patterns.']
